Archive member included to satisfy reference by file (symbol)

c:/st/stm32cubeide_1.12.0/stm32cubeide/plugins/com.st.stm32cube.ide.mcu.externaltools.gnu-tools-for-stm32.10.3-2021.10.win32_1.0.200.202301161003/tools/bin/../lib/gcc/arm-none-eabi/10.3.1/../../../../arm-none-eabi/lib/thumb/v7e-m+fp/hard\libc_nano.a(lib_a-errno.o)
                              ./Core/Src/syscalls.o (__errno)
c:/st/stm32cubeide_1.12.0/stm32cubeide/plugins/com.st.stm32cube.ide.mcu.externaltools.gnu-tools-for-stm32.10.3-2021.10.win32_1.0.200.202301161003/tools/bin/../lib/gcc/arm-none-eabi/10.3.1/../../../../arm-none-eabi/lib/thumb/v7e-m+fp/hard\libc_nano.a(lib_a-exit.o)
                              c:/st/stm32cubeide_1.12.0/stm32cubeide/plugins/com.st.stm32cube.ide.mcu.externaltools.gnu-tools-for-stm32.10.3-2021.10.win32_1.0.200.202301161003/tools/bin/../lib/gcc/arm-none-eabi/10.3.1/../../../../arm-none-eabi/lib/thumb/v7e-m+fp/hard/crt0.o (exit)
c:/st/stm32cubeide_1.12.0/stm32cubeide/plugins/com.st.stm32cube.ide.mcu.externaltools.gnu-tools-for-stm32.10.3-2021.10.win32_1.0.200.202301161003/tools/bin/../lib/gcc/arm-none-eabi/10.3.1/../../../../arm-none-eabi/lib/thumb/v7e-m+fp/hard\libc_nano.a(lib_a-impure.o)
                              c:/st/stm32cubeide_1.12.0/stm32cubeide/plugins/com.st.stm32cube.ide.mcu.externaltools.gnu-tools-for-stm32.10.3-2021.10.win32_1.0.200.202301161003/tools/bin/../lib/gcc/arm-none-eabi/10.3.1/../../../../arm-none-eabi/lib/thumb/v7e-m+fp/hard\libc_nano.a(lib_a-exit.o) (_global_impure_ptr)
c:/st/stm32cubeide_1.12.0/stm32cubeide/plugins/com.st.stm32cube.ide.mcu.externaltools.gnu-tools-for-stm32.10.3-2021.10.win32_1.0.200.202301161003/tools/bin/../lib/gcc/arm-none-eabi/10.3.1/../../../../arm-none-eabi/lib/thumb/v7e-m+fp/hard\libc_nano.a(lib_a-init.o)
                              c:/st/stm32cubeide_1.12.0/stm32cubeide/plugins/com.st.stm32cube.ide.mcu.externaltools.gnu-tools-for-stm32.10.3-2021.10.win32_1.0.200.202301161003/tools/bin/../lib/gcc/arm-none-eabi/10.3.1/../../../../arm-none-eabi/lib/thumb/v7e-m+fp/hard/crt0.o (__libc_init_array)
c:/st/stm32cubeide_1.12.0/stm32cubeide/plugins/com.st.stm32cube.ide.mcu.externaltools.gnu-tools-for-stm32.10.3-2021.10.win32_1.0.200.202301161003/tools/bin/../lib/gcc/arm-none-eabi/10.3.1/../../../../arm-none-eabi/lib/thumb/v7e-m+fp/hard\libc_nano.a(lib_a-memset.o)
                              c:/st/stm32cubeide_1.12.0/stm32cubeide/plugins/com.st.stm32cube.ide.mcu.externaltools.gnu-tools-for-stm32.10.3-2021.10.win32_1.0.200.202301161003/tools/bin/../lib/gcc/arm-none-eabi/10.3.1/../../../../arm-none-eabi/lib/thumb/v7e-m+fp/hard/crt0.o (memset)
c:/st/stm32cubeide_1.12.0/stm32cubeide/plugins/com.st.stm32cube.ide.mcu.externaltools.gnu-tools-for-stm32.10.3-2021.10.win32_1.0.200.202301161003/tools/bin/../lib/gcc/arm-none-eabi/10.3.1/thumb/v7e-m+fp/hard\libgcc.a(_aeabi_uldivmod.o)
                              ./Drivers/STM32F4xx_HAL_Driver/Src/stm32f4xx_hal_rcc.o (__aeabi_uldivmod)
c:/st/stm32cubeide_1.12.0/stm32cubeide/plugins/com.st.stm32cube.ide.mcu.externaltools.gnu-tools-for-stm32.10.3-2021.10.win32_1.0.200.202301161003/tools/bin/../lib/gcc/arm-none-eabi/10.3.1/thumb/v7e-m+fp/hard\libgcc.a(_udivmoddi4.o)
                              c:/st/stm32cubeide_1.12.0/stm32cubeide/plugins/com.st.stm32cube.ide.mcu.externaltools.gnu-tools-for-stm32.10.3-2021.10.win32_1.0.200.202301161003/tools/bin/../lib/gcc/arm-none-eabi/10.3.1/thumb/v7e-m+fp/hard\libgcc.a(_aeabi_uldivmod.o) (__udivmoddi4)
c:/st/stm32cubeide_1.12.0/stm32cubeide/plugins/com.st.stm32cube.ide.mcu.externaltools.gnu-tools-for-stm32.10.3-2021.10.win32_1.0.200.202301161003/tools/bin/../lib/gcc/arm-none-eabi/10.3.1/thumb/v7e-m+fp/hard\libgcc.a(_dvmd_tls.o)
                              c:/st/stm32cubeide_1.12.0/stm32cubeide/plugins/com.st.stm32cube.ide.mcu.externaltools.gnu-tools-for-stm32.10.3-2021.10.win32_1.0.200.202301161003/tools/bin/../lib/gcc/arm-none-eabi/10.3.1/thumb/v7e-m+fp/hard\libgcc.a(_aeabi_uldivmod.o) (__aeabi_ldiv0)

Discarded input sections

 .text          0x0000000000000000        0x0 c:/st/stm32cubeide_1.12.0/stm32cubeide/plugins/com.st.stm32cube.ide.mcu.externaltools.gnu-tools-for-stm32.10.3-2021.10.win32_1.0.200.202301161003/tools/bin/../lib/gcc/arm-none-eabi/10.3.1/thumb/v7e-m+fp/hard/crti.o
 .data          0x0000000000000000        0x0 c:/st/stm32cubeide_1.12.0/stm32cubeide/plugins/com.st.stm32cube.ide.mcu.externaltools.gnu-tools-for-stm32.10.3-2021.10.win32_1.0.200.202301161003/tools/bin/../lib/gcc/arm-none-eabi/10.3.1/thumb/v7e-m+fp/hard/crti.o
 .bss           0x0000000000000000        0x0 c:/st/stm32cubeide_1.12.0/stm32cubeide/plugins/com.st.stm32cube.ide.mcu.externaltools.gnu-tools-for-stm32.10.3-2021.10.win32_1.0.200.202301161003/tools/bin/../lib/gcc/arm-none-eabi/10.3.1/thumb/v7e-m+fp/hard/crti.o
[...]
Memory Configuration

Name             Origin             Length             Attributes
CCMRAM           0x0000000010000000 0x0000000000010000 xrw
RAM              0x0000000020000000 0x0000000000020000 xrw
FLASH            0x0000000008000000 0x0000000000100000 xr
*default*        0x0000000000000000 0xffffffffffffffff

Linker script and memory map

LOAD c:/st/stm32cubeide_1.12.0/stm32cubeide/plugins/com.st.stm32cube.ide.mcu.externaltools.gnu-tools-for-stm32.10.3-2021.10.win32_1.0.200.202301161003/tools/bin/../lib/gcc/arm-none-eabi/10.3.1/thumb/v7e-m+fp/hard/crti.o
LOAD c:/st/stm32cubeide_1.12.0/stm32cubeide/plugins/com.st.stm32cube.ide.mcu.externaltools.gnu-tools-for-stm32.10.3-2021.10.win32_1.0.200.202301161003/tools/bin/../lib/gcc/arm-none-eabi/10.3.1/thumb/v7e-m+fp/hard/crtbegin.o
LOAD c:/st/stm32cubeide_1.12.0/stm32cubeide/plugins/com.st.stm32cube.ide.mcu.externaltools.gnu-tools-for-stm32.10.3-2021.10.win32_1.0.200.202301161003/tools/bin/../lib/gcc/arm-none-eabi/10.3.1/../../../../arm-none-eabi/lib/thumb/v7e-m+fp/hard/crt0.o
LOAD ./Core/Src/bufHandler.o
LOAD ./Core/Src/main.o
LOAD ./Core/Src/stm32f4xx_hal_msp.o
LOAD ./Core/Src/stm32f4xx_it.o
LOAD ./Core/Src/syscalls.o
LOAD ./Core/Src/sysmem.o
LOAD ./Core/Src/system_stm32f4xx.o
LOAD ./Core/Startup/startup_stm32f407vgtx.o
LOAD ./Drivers/STM32F4xx_HAL_Driver/Src/stm32f4xx_hal.o
LOAD ./Drivers/STM32F4xx_HAL_Driver/Src/stm32f4xx_hal_cortex.o
LOAD ./Drivers/STM32F4xx_HAL_Driver/Src/stm32f4xx_hal_dma.o
LOAD ./Drivers/STM32F4xx_HAL_Driver/Src/stm32f4xx_hal_dma_ex.o
LOAD ./Drivers/STM32F4xx_HAL_Driver/Src/stm32f4xx_hal_exti.o
LOAD ./Drivers/STM32F4xx_HAL_Driver/Src/stm32f4xx_hal_flash.o
LOAD ./Drivers/STM32F4xx_HAL_Driver/Src/stm32f4xx_hal_flash_ex.o
LOAD ./Drivers/STM32F4xx_HAL_Driver/Src/stm32f4xx_hal_flash_ramfunc.o
LOAD ./Drivers/STM32F4xx_HAL_Driver/Src/stm32f4xx_hal_gpio.o
LOAD ./Drivers/STM32F4xx_HAL_Driver/Src/stm32f4xx_hal_hcd.o
LOAD ./Drivers/STM32F4xx_HAL_Driver/Src/stm32f4xx_hal_pwr.o
LOAD ./Drivers/STM32F4xx_HAL_Driver/Src/stm32f4xx_hal_pwr_ex.o
LOAD ./Drivers/STM32F4xx_HAL_Driver/Src/stm32f4xx_hal_rcc.o
LOAD ./Drivers/STM32F4xx_HAL_Driver/Src/stm32f4xx_hal_rcc_ex.o
LOAD ./Drivers/STM32F4xx_HAL_Driver/Src/stm32f4xx_hal_spi.o
LOAD ./Drivers/STM32F4xx_HAL_Driver/Src/stm32f4xx_hal_tim.o
LOAD ./Drivers/STM32F4xx_HAL_Driver/Src/stm32f4xx_hal_tim_ex.o
LOAD ./Drivers/STM32F4xx_HAL_Driver/Src/stm32f4xx_hal_uart.o
LOAD ./Drivers/STM32F4xx_HAL_Driver/Src/stm32f4xx_ll_usb.o
START GROUP
LOAD c:/st/stm32cubeide_1.12.0/stm32cubeide/plugins/com.st.stm32cube.ide.mcu.externaltools.gnu-tools-for-stm32.10.3-2021.10.win32_1.0.200.202301161003/tools/bin/../lib/gcc/arm-none-eabi/10.3.1/../../../../arm-none-eabi/lib/thumb/v7e-m+fp/hard\libc_nano.a
LOAD c:/st/stm32cubeide_1.12.0/stm32cubeide/plugins/com.st.stm32cube.ide.mcu.externaltools.gnu-tools-for-stm32.10.3-2021.10.win32_1.0.200.202301161003/tools/bin/../lib/gcc/arm-none-eabi/10.3.1/../../../../arm-none-eabi/lib/thumb/v7e-m+fp/hard\libm.a
END GROUP
START GROUP
LOAD c:/st/stm32cubeide_1.12.0/stm32cubeide/plugins/com.st.stm32cube.ide.mcu.externaltools.gnu-tools-for-stm32.10.3-2021.10.win32_1.0.200.202301161003/tools/bin/../lib/gcc/arm-none-eabi/10.3.1/thumb/v7e-m+fp/hard\libgcc.a
LOAD c:/st/stm32cubeide_1.12.0/stm32cubeide/plugins/com.st.stm32cube.ide.mcu.externaltools.gnu-tools-for-stm32.10.3-2021.10.win32_1.0.200.202301161003/tools/bin/../lib/gcc/arm-none-eabi/10.3.1/../../../../arm-none-eabi/lib/thumb/v7e-m+fp/hard\libc_nano.a
END GROUP
START GROUP
LOAD c:/st/stm32cubeide_1.12.0/stm32cubeide/plugins/com.st.stm32cube.ide.mcu.externaltools.gnu-tools-for-stm32.10.3-2021.10.win32_1.0.200.202301161003/tools/bin/../lib/gcc/arm-none-eabi/10.3.1/thumb/v7e-m+fp/hard\libgcc.a
LOAD c:/st/stm32cubeide_1.12.0/stm32cubeide/plugins/com.st.stm32cube.ide.mcu.externaltools.gnu-tools-for-stm32.10.3-2021.10.win32_1.0.200.202301161003/tools/bin/../lib/gcc/arm-none-eabi/10.3.1/../../../../arm-none-eabi/lib/thumb/v7e-m+fp/hard\libc_nano.a
LOAD c:/st/stm32cubeide_1.12.0/stm32cubeide/plugins/com.st.stm32cube.ide.mcu.externaltools.gnu-tools-for-stm32.10.3-2021.10.win32_1.0.200.202301161003/tools/bin/../lib/gcc/arm-none-eabi/10.3.1/../../../../arm-none-eabi/lib/thumb/v7e-m+fp/hard\libnosys.a
END GROUP
START GROUP
LOAD c:/st/stm32cubeide_1.12.0/stm32cubeide/plugins/com.st.stm32cube.ide.mcu.externaltools.gnu-tools-for-stm32.10.3-2021.10.win32_1.0.200.202301161003/tools/bin/../lib/gcc/arm-none-eabi/10.3.1/thumb/v7e-m+fp/hard\libgcc.a
LOAD c:/st/stm32cubeide_1.12.0/stm32cubeide/plugins/com.st.stm32cube.ide.mcu.externaltools.gnu-tools-for-stm32.10.3-2021.10.win32_1.0.200.202301161003/tools/bin/../lib/gcc/arm-none-eabi/10.3.1/../../../../arm-none-eabi/lib/thumb/v7e-m+fp/hard\libc_nano.a
LOAD c:/st/stm32cubeide_1.12.0/stm32cubeide/plugins/com.st.stm32cube.ide.mcu.externaltools.gnu-tools-for-stm32.10.3-2021.10.win32_1.0.200.202301161003/tools/bin/../lib/gcc/arm-none-eabi/10.3.1/../../../../arm-none-eabi/lib/thumb/v7e-m+fp/hard\libnosys.a
END GROUP
LOAD c:/st/stm32cubeide_1.12.0/stm32cubeide/plugins/com.st.stm32cube.ide.mcu.externaltools.gnu-tools-for-stm32.10.3-2021.10.win32_1.0.200.202301161003/tools/bin/../lib/gcc/arm-none-eabi/10.3.1/thumb/v7e-m+fp/hard/crtend.o
LOAD c:/st/stm32cubeide_1.12.0/stm32cubeide/plugins/com.st.stm32cube.ide.mcu.externaltools.gnu-tools-for-stm32.10.3-2021.10.win32_1.0.200.202301161003/tools/bin/../lib/gcc/arm-none-eabi/10.3.1/thumb/v7e-m+fp/hard/crtn.o
                0x0000000020020000                _estack = (ORIGIN (RAM) + LENGTH (RAM))
                0x0000000000000200                _Min_Heap_Size = 0x200
                0x0000000000000400                _Min_Stack_Size = 0x400

.isr_vector     0x0000000008000000      0x188
                0x0000000008000000                . = ALIGN (0x4)
 *(.isr_vector)
 .isr_vector    0x0000000008000000      0x188 ./Core/Startup/startup_stm32f407vgtx.o
                0x0000000008000000                g_pfnVectors
                0x0000000008000188                . = ALIGN (0x4)

.text           0x0000000008000188     0x4d80
                0x0000000008000188                . = ALIGN (0x4)
 *(.text)
 .text          0x0000000008000188       0x40 c:/st/stm32cubeide_1.12.0/stm32cubeide/plugins/com.st.stm32cube.ide.mcu.externaltools.gnu-tools-for-stm32.10.3-2021.10.win32_1.0.200.202301161003/tools/bin/../lib/gcc/arm-none-eabi/10.3.1/thumb/v7e-m+fp/hard/crtbegin.o
 .text          0x00000000080001c8       0x30 c:/st/stm32cubeide_1.12.0/stm32cubeide/plugins/com.st.stm32cube.ide.mcu.externaltools.gnu-tools-for-stm32.10.3-2021.10.win32_1.0.200.202301161003/tools/bin/../lib/gcc/arm-none-eabi/10.3.1/thumb/v7e-m+fp/hard\libgcc.a(_aeabi_uldivmod.o)
                0x00000000080001c8                __aeabi_uldivmod
 .text          0x00000000080001f8      0x2d0 c:/st/stm32cubeide_1.12.0/stm32cubeide/plugins/com.st.stm32cube.ide.mcu.externaltools.gnu-tools-for-stm32.10.3-2021.10.win32_1.0.200.202301161003/tools/bin/../lib/gcc/arm-none-eabi/10.3.1/thumb/v7e-m+fp/hard\libgcc.a(_udivmoddi4.o)
                0x00000000080001f8                __udivmoddi4
 .text          0x00000000080004c8        0x4 c:/st/stm32cubeide_1.12.0/stm32cubeide/plugins/com.st.stm32cube.ide.mcu.externaltools.gnu-tools-for-stm32.10.3-2021.10.win32_1.0.200.202301161003/tools/bin/../lib/gcc/arm-none-eabi/10.3.1/thumb/v7e-m+fp/hard\libgcc.a(_dvmd_tls.o)
                0x00000000080004c8                __aeabi_idiv0
                0x00000000080004c8                __aeabi_ldiv0
 *(.text*)
 .text.bufHandler_init
                0x00000000080004cc       0x6a ./Core/Src/bufHandler.o
                0x00000000080004cc                bufHandler_init
 .text.bufHandler_setUart
                0x0000000008000536       0x38 ./Core/Src/bufHandler.o
                0x0000000008000536                bufHandler_setUart
 .text.bufHandler_checkEmpty
                0x000000000800056e       0x30 ./Core/Src/bufHandler.o
                0x000000000800056e                bufHandler_checkEmpty
 .text.bufHandler_sendData
                0x000000000800059e       0x44 ./Core/Src/bufHandler.o
                0x000000000800059e                bufHandler_sendData
 .text.bufHandler_increaseRcvIndex
                0x00000000080005e2       0x28 ./Core/Src/bufHandler.o
                0x00000000080005e2                bufHandler_increaseRcvIndex
 .text.bufHandler_increaseSendIndex
                0x000000000800060a       0x2a ./Core/Src/bufHandler.o
                0x000000000800060a                bufHandler_increaseSendIndex
 .text.bufHandler_transmitUartData
                0x0000000008000634       0x66 ./Core/Src/bufHandler.o
                0x0000000008000634                bufHandler_transmitUartData
 .text.bufHandler_receiveUartData
                0x000000000800069a       0x4a ./Core/Src/bufHandler.o
                0x000000000800069a                bufHandler_receiveUartData
 .text.bufHandler_setTxAvailable
                0x00000000080006e4       0x22 ./Core/Src/bufHandler.o
                0x00000000080006e4                bufHandler_setTxAvailable
 .text.bufHandler_txUart
                0x0000000008000706       0x22 ./Core/Src/bufHandler.o
                0x0000000008000706                bufHandler_txUart
 .text._increaseBufIndex
                0x0000000008000728       0x30 ./Core/Src/bufHandler.o
 .text.dummyTestFunc
                0x0000000008000758       0x74 ./Core/Src/main.o
 .text.transmitEvReqToEm
                0x00000000080007cc       0x30 ./Core/Src/main.o
 .text.transmitEmDataToEv
                0x00000000080007fc       0x30 ./Core/Src/main.o
 .text.handleDataRcv
                0x000000000800082c       0x1c ./Core/Src/main.o
 .text.HAL_UART_RxCpltCallback
                0x0000000008000848       0x44 ./Core/Src/main.o
                0x0000000008000848                HAL_UART_RxCpltCallback
 .text.HAL_UART_TxCpltCallback
                0x000000000800088c       0x44 ./Core/Src/main.o
                0x000000000800088c                HAL_UART_TxCpltCallback
 .text.main     0x00000000080008d0       0xd4 ./Core/Src/main.o
                0x00000000080008d0                main
 .text.SystemClock_Config
                0x00000000080009a4       0xd4 ./Core/Src/main.o
                0x00000000080009a4                SystemClock_Config
 .text.MX_SPI1_Init
                0x0000000008000a78       0x6c ./Core/Src/main.o
 .text.MX_UART4_Init
                0x0000000008000ae4       0x54 ./Core/Src/main.o
 .text.MX_UART5_Init
                0x0000000008000b38       0x54 ./Core/Src/main.o
 .text.MX_USB_OTG_FS_HCD_Init
                0x0000000008000b8c       0x44 ./Core/Src/main.o
 .text.MX_GPIO_Init
                0x0000000008000bd0      0x1dc ./Core/Src/main.o
 .text.Error_Handler
                0x0000000008000dac        0xa ./Core/Src/main.o
                0x0000000008000dac                Error_Handler
 *fill*         0x0000000008000db6        0x2 
 .text.HAL_MspInit
                0x0000000008000db8       0x50 ./Core/Src/stm32f4xx_hal_msp.o
                0x0000000008000db8                HAL_MspInit
 .text.HAL_SPI_MspInit
                0x0000000008000e08       0x90 ./Core/Src/stm32f4xx_hal_msp.o
                0x0000000008000e08                HAL_SPI_MspInit
 .text.HAL_UART_MspInit
                0x0000000008000e98      0x19c ./Core/Src/stm32f4xx_hal_msp.o
                0x0000000008000e98                HAL_UART_MspInit
 .text.HAL_HCD_MspInit
                0x0000000008001034       0xc4 ./Core/Src/stm32f4xx_hal_msp.o
                0x0000000008001034                HAL_HCD_MspInit
 .text.NMI_Handler
                0x00000000080010f8        0x6 ./Core/Src/stm32f4xx_it.o
                0x00000000080010f8                NMI_Handler
 .text.HardFault_Handler
                0x00000000080010fe        0x6 ./Core/Src/stm32f4xx_it.o
                0x00000000080010fe                HardFault_Handler
 .text.MemManage_Handler
                0x0000000008001104        0x6 ./Core/Src/stm32f4xx_it.o
                0x0000000008001104                MemManage_Handler
 .text.BusFault_Handler
                0x000000000800110a        0x6 ./Core/Src/stm32f4xx_it.o
                0x000000000800110a                BusFault_Handler
 .text.UsageFault_Handler
                0x0000000008001110        0x6 ./Core/Src/stm32f4xx_it.o
                0x0000000008001110                UsageFault_Handler
 .text.SVC_Handler
                0x0000000008001116        0xe ./Core/Src/stm32f4xx_it.o
                0x0000000008001116                SVC_Handler
 .text.DebugMon_Handler
                0x0000000008001124        0xe ./Core/Src/stm32f4xx_it.o
                0x0000000008001124                DebugMon_Handler
 .text.PendSV_Handler
                0x0000000008001132        0xe ./Core/Src/stm32f4xx_it.o
                0x0000000008001132                PendSV_Handler
 .text.SysTick_Handler
                0x0000000008001140        0xc ./Core/Src/stm32f4xx_it.o
                0x0000000008001140                SysTick_Handler
 .text.UART4_IRQHandler
                0x000000000800114c       0x14 ./Core/Src/stm32f4xx_it.o
                0x000000000800114c                UART4_IRQHandler
 .text.UART5_IRQHandler
                0x0000000008001160       0x14 ./Core/Src/stm32f4xx_it.o
                0x0000000008001160                UART5_IRQHandler
 .text.OTG_FS_IRQHandler
                0x0000000008001174       0x14 ./Core/Src/stm32f4xx_it.o
                0x0000000008001174                OTG_FS_IRQHandler
 .text.SystemInit
                0x0000000008001188       0x24 ./Core/Src/system_stm32f4xx.o
                0x0000000008001188                SystemInit
 .text.Reset_Handler
                0x00000000080011ac       0x50 ./Core/Startup/startup_stm32f407vgtx.o
                0x00000000080011ac                Reset_Handler
 .text.Default_Handler
                0x00000000080011fc        0x2 ./Core/Startup/startup_stm32f407vgtx.o
                0x00000000080011fc                RTC_Alarm_IRQHandler
                0x00000000080011fc                HASH_RNG_IRQHandler
                0x00000000080011fc                EXTI2_IRQHandler
                0x00000000080011fc                TIM8_CC_IRQHandler
                0x00000000080011fc                TIM1_CC_IRQHandler
                0x00000000080011fc                DMA2_Stream5_IRQHandler
                0x00000000080011fc                DMA1_Stream5_IRQHandler
                0x00000000080011fc                PVD_IRQHandler
                0x00000000080011fc                SDIO_IRQHandler
                0x00000000080011fc                TAMP_STAMP_IRQHandler
                0x00000000080011fc                CAN2_RX1_IRQHandler
                0x00000000080011fc                EXTI3_IRQHandler
                0x00000000080011fc                TIM8_TRG_COM_TIM14_IRQHandler
                0x00000000080011fc                TIM1_UP_TIM10_IRQHandler
                0x00000000080011fc                TIM8_UP_TIM13_IRQHandler
                0x00000000080011fc                I2C3_ER_IRQHandler
                0x00000000080011fc                EXTI0_IRQHandler
                0x00000000080011fc                I2C2_EV_IRQHandler
                0x00000000080011fc                DMA1_Stream2_IRQHandler
                0x00000000080011fc                CAN1_RX0_IRQHandler
                0x00000000080011fc                FPU_IRQHandler
                0x00000000080011fc                OTG_HS_WKUP_IRQHandler
                0x00000000080011fc                CAN2_SCE_IRQHandler
                0x00000000080011fc                DMA2_Stream2_IRQHandler
                0x00000000080011fc                SPI1_IRQHandler
                0x00000000080011fc                TIM6_DAC_IRQHandler
                0x00000000080011fc                TIM1_BRK_TIM9_IRQHandler
                0x00000000080011fc                DCMI_IRQHandler
                0x00000000080011fc                CAN2_RX0_IRQHandler
                0x00000000080011fc                DMA2_Stream3_IRQHandler
                0x00000000080011fc                USART6_IRQHandler
                0x00000000080011fc                USART3_IRQHandler
                0x00000000080011fc                CAN1_RX1_IRQHandler
                0x00000000080011fc                DMA2_Stream0_IRQHandler
                0x00000000080011fc                TIM4_IRQHandler
                0x00000000080011fc                I2C1_EV_IRQHandler
                0x00000000080011fc                DMA1_Stream6_IRQHandler
                0x00000000080011fc                DMA1_Stream1_IRQHandler
                0x00000000080011fc                TIM3_IRQHandler
                0x00000000080011fc                RCC_IRQHandler
                0x00000000080011fc                TIM8_BRK_TIM12_IRQHandler
                0x00000000080011fc                Default_Handler
                0x00000000080011fc                EXTI15_10_IRQHandler
                0x00000000080011fc                ADC_IRQHandler
                0x00000000080011fc                DMA1_Stream7_IRQHandler
                0x00000000080011fc                TIM7_IRQHandler
                0x00000000080011fc                CAN2_TX_IRQHandler
                0x00000000080011fc                TIM5_IRQHandler
                0x00000000080011fc                DMA2_Stream7_IRQHandler
                0x00000000080011fc                I2C3_EV_IRQHandler
                0x00000000080011fc                EXTI9_5_IRQHandler
                0x00000000080011fc                RTC_WKUP_IRQHandler
                0x00000000080011fc                ETH_WKUP_IRQHandler
                0x00000000080011fc                SPI2_IRQHandler
                0x00000000080011fc                OTG_HS_EP1_IN_IRQHandler
                0x00000000080011fc                DMA1_Stream0_IRQHandler
                0x00000000080011fc                CAN1_TX_IRQHandler
                0x00000000080011fc                EXTI4_IRQHandler
                0x00000000080011fc                FSMC_IRQHandler
                0x00000000080011fc                ETH_IRQHandler
                0x00000000080011fc                OTG_HS_EP1_OUT_IRQHandler
                0x00000000080011fc                WWDG_IRQHandler
                0x00000000080011fc                TIM2_IRQHandler
                0x00000000080011fc                OTG_FS_WKUP_IRQHandler
                0x00000000080011fc                TIM1_TRG_COM_TIM11_IRQHandler
                0x00000000080011fc                OTG_HS_IRQHandler
                0x00000000080011fc                EXTI1_IRQHandler
                0x00000000080011fc                USART2_IRQHandler
                0x00000000080011fc                I2C2_ER_IRQHandler
                0x00000000080011fc                DMA2_Stream1_IRQHandler
                0x00000000080011fc                CAN1_SCE_IRQHandler
                0x00000000080011fc                FLASH_IRQHandler
                0x00000000080011fc                DMA2_Stream4_IRQHandler
                0x00000000080011fc                USART1_IRQHandler
                0x00000000080011fc                SPI3_IRQHandler
                0x00000000080011fc                DMA1_Stream4_IRQHandler
                0x00000000080011fc                I2C1_ER_IRQHandler
                0x00000000080011fc                DMA2_Stream6_IRQHandler
                0x00000000080011fc                DMA1_Stream3_IRQHandler
 *fill*         0x00000000080011fe        0x2 
 .text.HAL_Init
                0x0000000008001200       0x44 ./Drivers/STM32F4xx_HAL_Driver/Src/stm32f4xx_hal.o
                0x0000000008001200                HAL_Init
 .text.HAL_InitTick
                0x0000000008001244       0x60 ./Drivers/STM32F4xx_HAL_Driver/Src/stm32f4xx_hal.o
                0x0000000008001244                HAL_InitTick
 .text.HAL_IncTick
                0x00000000080012a4       0x28 ./Drivers/STM32F4xx_HAL_Driver/Src/stm32f4xx_hal.o
                0x00000000080012a4                HAL_IncTick
 .text.HAL_GetTick
                0x00000000080012cc       0x18 ./Drivers/STM32F4xx_HAL_Driver/Src/stm32f4xx_hal.o
                0x00000000080012cc                HAL_GetTick
 .text.HAL_Delay
                0x00000000080012e4       0x48 ./Drivers/STM32F4xx_HAL_Driver/Src/stm32f4xx_hal.o
                0x00000000080012e4                HAL_Delay
 .text.__NVIC_SetPriorityGrouping
                0x000000000800132c       0x48 ./Drivers/STM32F4xx_HAL_Driver/Src/stm32f4xx_hal_cortex.o
 .text.__NVIC_GetPriorityGrouping
                0x0000000008001374       0x1c ./Drivers/STM32F4xx_HAL_Driver/Src/stm32f4xx_hal_cortex.o
 .text.__NVIC_EnableIRQ
                0x0000000008001390       0x3c ./Drivers/STM32F4xx_HAL_Driver/Src/stm32f4xx_hal_cortex.o
 .text.__NVIC_SetPriority
                0x00000000080013cc       0x54 ./Drivers/STM32F4xx_HAL_Driver/Src/stm32f4xx_hal_cortex.o
 .text.NVIC_EncodePriority
                0x0000000008001420       0x66 ./Drivers/STM32F4xx_HAL_Driver/Src/stm32f4xx_hal_cortex.o
 *fill*         0x0000000008001486        0x2 
 .text.SysTick_Config
                0x0000000008001488       0x44 ./Drivers/STM32F4xx_HAL_Driver/Src/stm32f4xx_hal_cortex.o
 .text.HAL_NVIC_SetPriorityGrouping
                0x00000000080014cc       0x16 ./Drivers/STM32F4xx_HAL_Driver/Src/stm32f4xx_hal_cortex.o
                0x00000000080014cc                HAL_NVIC_SetPriorityGrouping
 .text.HAL_NVIC_SetPriority
                0x00000000080014e2       0x38 ./Drivers/STM32F4xx_HAL_Driver/Src/stm32f4xx_hal_cortex.o
                0x00000000080014e2                HAL_NVIC_SetPriority
 .text.HAL_NVIC_EnableIRQ
                0x000000000800151a       0x1c ./Drivers/STM32F4xx_HAL_Driver/Src/stm32f4xx_hal_cortex.o
                0x000000000800151a                HAL_NVIC_EnableIRQ
 .text.HAL_SYSTICK_Config
                0x0000000008001536       0x18 ./Drivers/STM32F4xx_HAL_Driver/Src/stm32f4xx_hal_cortex.o
                0x0000000008001536                HAL_SYSTICK_Config
 .text.HAL_DMA_Abort
                0x000000000800154e       0xe0 ./Drivers/STM32F4xx_HAL_Driver/Src/stm32f4xx_hal_dma.o
                0x000000000800154e                HAL_DMA_Abort
 .text.HAL_DMA_Abort_IT
                0x000000000800162e       0x44 ./Drivers/STM32F4xx_HAL_Driver/Src/stm32f4xx_hal_dma.o
                0x000000000800162e                HAL_DMA_Abort_IT
 *fill*         0x0000000008001672        0x2 
 .text.HAL_GPIO_Init
                0x0000000008001674      0x338 ./Drivers/STM32F4xx_HAL_Driver/Src/stm32f4xx_hal_gpio.o
                0x0000000008001674                HAL_GPIO_Init
 .text.HAL_GPIO_WritePin
                0x00000000080019ac       0x32 ./Drivers/STM32F4xx_HAL_Driver/Src/stm32f4xx_hal_gpio.o
                0x00000000080019ac                HAL_GPIO_WritePin
 .text.HAL_HCD_Init
                0x00000000080019de       0xc4 ./Drivers/STM32F4xx_HAL_Driver/Src/stm32f4xx_hal_hcd.o
                0x00000000080019de                HAL_HCD_Init
 .text.HAL_HCD_IRQHandler
                0x0000000008001aa2      0x216 ./Drivers/STM32F4xx_HAL_Driver/Src/stm32f4xx_hal_hcd.o
                0x0000000008001aa2                HAL_HCD_IRQHandler
 .text.HAL_HCD_SOF_Callback
                0x0000000008001cb8       0x14 ./Drivers/STM32F4xx_HAL_Driver/Src/stm32f4xx_hal_hcd.o
                0x0000000008001cb8                HAL_HCD_SOF_Callback
 .text.HAL_HCD_Connect_Callback
                0x0000000008001ccc       0x14 ./Drivers/STM32F4xx_HAL_Driver/Src/stm32f4xx_hal_hcd.o
                0x0000000008001ccc                HAL_HCD_Connect_Callback
 .text.HAL_HCD_Disconnect_Callback
                0x0000000008001ce0       0x14 ./Drivers/STM32F4xx_HAL_Driver/Src/stm32f4xx_hal_hcd.o
                0x0000000008001ce0                HAL_HCD_Disconnect_Callback
 .text.HAL_HCD_PortEnabled_Callback
                0x0000000008001cf4       0x14 ./Drivers/STM32F4xx_HAL_Driver/Src/stm32f4xx_hal_hcd.o
                0x0000000008001cf4                HAL_HCD_PortEnabled_Callback
 .text.HAL_HCD_PortDisabled_Callback
                0x0000000008001d08       0x14 ./Drivers/STM32F4xx_HAL_Driver/Src/stm32f4xx_hal_hcd.o
                0x0000000008001d08                HAL_HCD_PortDisabled_Callback
 .text.HAL_HCD_HC_NotifyURBChange_Callback
                0x0000000008001d1c       0x1c ./Drivers/STM32F4xx_HAL_Driver/Src/stm32f4xx_hal_hcd.o
                0x0000000008001d1c                HAL_HCD_HC_NotifyURBChange_Callback
 .text.HCD_HC_IN_IRQHandler
                0x0000000008001d38      0x6aa ./Drivers/STM32F4xx_HAL_Driver/Src/stm32f4xx_hal_hcd.o
 .text.HCD_HC_OUT_IRQHandler
                0x00000000080023e2      0x6d2 ./Drivers/STM32F4xx_HAL_Driver/Src/stm32f4xx_hal_hcd.o
 .text.HCD_RXQLVL_IRQHandler
                0x0000000008002ab4      0x1a4 ./Drivers/STM32F4xx_HAL_Driver/Src/stm32f4xx_hal_hcd.o
 .text.HCD_Port_IRQHandler
                0x0000000008002c58       0xe6 ./Drivers/STM32F4xx_HAL_Driver/Src/stm32f4xx_hal_hcd.o
 *fill*         0x0000000008002d3e        0x2 
 .text.HAL_RCC_OscConfig
                0x0000000008002d40      0x4f0 ./Drivers/STM32F4xx_HAL_Driver/Src/stm32f4xx_hal_rcc.o
                0x0000000008002d40                HAL_RCC_OscConfig
 .text.HAL_RCC_ClockConfig
                0x0000000008003230      0x1cc ./Drivers/STM32F4xx_HAL_Driver/Src/stm32f4xx_hal_rcc.o
                0x0000000008003230                HAL_RCC_ClockConfig
 .text.HAL_RCC_GetSysClockFreq
                0x00000000080033fc      0x20c ./Drivers/STM32F4xx_HAL_Driver/Src/stm32f4xx_hal_rcc.o
                0x00000000080033fc                HAL_RCC_GetSysClockFreq
 .text.HAL_RCC_GetHCLKFreq
                0x0000000008003608       0x18 ./Drivers/STM32F4xx_HAL_Driver/Src/stm32f4xx_hal_rcc.o
                0x0000000008003608                HAL_RCC_GetHCLKFreq
 .text.HAL_RCC_GetPCLK1Freq
                0x0000000008003620       0x28 ./Drivers/STM32F4xx_HAL_Driver/Src/stm32f4xx_hal_rcc.o
                0x0000000008003620                HAL_RCC_GetPCLK1Freq
 .text.HAL_RCC_GetPCLK2Freq
                0x0000000008003648       0x28 ./Drivers/STM32F4xx_HAL_Driver/Src/stm32f4xx_hal_rcc.o
                0x0000000008003648                HAL_RCC_GetPCLK2Freq
 .text.HAL_SPI_Init
                0x0000000008003670      0x112 ./Drivers/STM32F4xx_HAL_Driver/Src/stm32f4xx_hal_spi.o
                0x0000000008003670                HAL_SPI_Init
 .text.HAL_UART_Init
                0x0000000008003782       0x9a ./Drivers/STM32F4xx_HAL_Driver/Src/stm32f4xx_hal_uart.o
                0x0000000008003782                HAL_UART_Init
 .text.HAL_UART_Transmit_IT
                0x000000000800381c       0x8a ./Drivers/STM32F4xx_HAL_Driver/Src/stm32f4xx_hal_uart.o
                0x000000000800381c                HAL_UART_Transmit_IT
 .text.HAL_UART_Receive_IT
                0x00000000080038a6       0x60 ./Drivers/STM32F4xx_HAL_Driver/Src/stm32f4xx_hal_uart.o
                0x00000000080038a6                HAL_UART_Receive_IT
 *fill*         0x0000000008003906        0x2 
 .text.HAL_UART_IRQHandler
                0x0000000008003908      0x51c ./Drivers/STM32F4xx_HAL_Driver/Src/stm32f4xx_hal_uart.o
                0x0000000008003908                HAL_UART_IRQHandler
 .text.HAL_UART_ErrorCallback
                0x0000000008003e24       0x14 ./Drivers/STM32F4xx_HAL_Driver/Src/stm32f4xx_hal_uart.o
                0x0000000008003e24                HAL_UART_ErrorCallback
 .text.HAL_UARTEx_RxEventCallback
                0x0000000008003e38       0x18 ./Drivers/STM32F4xx_HAL_Driver/Src/stm32f4xx_hal_uart.o
                0x0000000008003e38                HAL_UARTEx_RxEventCallback
 .text.UART_Start_Receive_IT
                0x0000000008003e50       0x7c ./Drivers/STM32F4xx_HAL_Driver/Src/stm32f4xx_hal_uart.o
                0x0000000008003e50                UART_Start_Receive_IT
 .text.UART_EndRxTransfer
                0x0000000008003ecc       0xc6 ./Drivers/STM32F4xx_HAL_Driver/Src/stm32f4xx_hal_uart.o
 .text.UART_DMAAbortOnError
                0x0000000008003f92       0x28 ./Drivers/STM32F4xx_HAL_Driver/Src/stm32f4xx_hal_uart.o
 .text.UART_Transmit_IT
                0x0000000008003fba       0xa0 ./Drivers/STM32F4xx_HAL_Driver/Src/stm32f4xx_hal_uart.o
 .text.UART_EndTransmit_IT
                0x000000000800405a       0x30 ./Drivers/STM32F4xx_HAL_Driver/Src/stm32f4xx_hal_uart.o
 .text.UART_Receive_IT
                0x000000000800408a      0x176 ./Drivers/STM32F4xx_HAL_Driver/Src/stm32f4xx_hal_uart.o
 .text.UART_SetConfig
                0x0000000008004200      0x4e8 ./Drivers/STM32F4xx_HAL_Driver/Src/stm32f4xx_hal_uart.o
 .text.USB_CoreInit
                0x00000000080046e8       0xc2 ./Drivers/STM32F4xx_HAL_Driver/Src/stm32f4xx_ll_usb.o
                0x00000000080046e8                USB_CoreInit
 .text.USB_DisableGlobalInt
                0x00000000080047aa       0x22 ./Drivers/STM32F4xx_HAL_Driver/Src/stm32f4xx_ll_usb.o
                0x00000000080047aa                USB_DisableGlobalInt
 .text.USB_SetCurrentMode
                0x00000000080047cc       0x98 ./Drivers/STM32F4xx_HAL_Driver/Src/stm32f4xx_ll_usb.o
                0x00000000080047cc                USB_SetCurrentMode
 .text.USB_FlushTxFifo
                0x0000000008004864       0x68 ./Drivers/STM32F4xx_HAL_Driver/Src/stm32f4xx_ll_usb.o
                0x0000000008004864                USB_FlushTxFifo
 .text.USB_FlushRxFifo
                0x00000000080048cc       0x60 ./Drivers/STM32F4xx_HAL_Driver/Src/stm32f4xx_ll_usb.o
                0x00000000080048cc                USB_FlushRxFifo
 .text.USB_ReadPacket
                0x000000000800492c       0xb0 ./Drivers/STM32F4xx_HAL_Driver/Src/stm32f4xx_ll_usb.o
                0x000000000800492c                USB_ReadPacket
 .text.USB_ReadInterrupts
                0x00000000080049dc       0x26 ./Drivers/STM32F4xx_HAL_Driver/Src/stm32f4xx_ll_usb.o
                0x00000000080049dc                USB_ReadInterrupts
 .text.USB_GetMode
                0x0000000008004a02       0x1c ./Drivers/STM32F4xx_HAL_Driver/Src/stm32f4xx_ll_usb.o
                0x0000000008004a02                USB_GetMode
 *fill*         0x0000000008004a1e        0x2 
 .text.USB_CoreReset
                0x0000000008004a20       0x68 ./Drivers/STM32F4xx_HAL_Driver/Src/stm32f4xx_ll_usb.o
 .text.USB_HostInit
                0x0000000008004a88      0x180 ./Drivers/STM32F4xx_HAL_Driver/Src/stm32f4xx_ll_usb.o
                0x0000000008004a88                USB_HostInit
 .text.USB_InitFSLSPClkSel
                0x0000000008004c08       0x74 ./Drivers/STM32F4xx_HAL_Driver/Src/stm32f4xx_ll_usb.o
                0x0000000008004c08                USB_InitFSLSPClkSel
 .text.USB_HC_ReadInterrupt
                0x0000000008004c7c       0x22 ./Drivers/STM32F4xx_HAL_Driver/Src/stm32f4xx_ll_usb.o
                0x0000000008004c7c                USB_HC_ReadInterrupt
 .text.USB_HC_Halt
                0x0000000008004c9e      0x1f8 ./Drivers/STM32F4xx_HAL_Driver/Src/stm32f4xx_ll_usb.o
                0x0000000008004c9e                USB_HC_Halt
 *fill*         0x0000000008004e96        0x2 
 .text.__libc_init_array
                0x0000000008004e98       0x48 c:/st/stm32cubeide_1.12.0/stm32cubeide/plugins/com.st.stm32cube.ide.mcu.externaltools.gnu-tools-for-stm32.10.3-2021.10.win32_1.0.200.202301161003/tools/bin/../lib/gcc/arm-none-eabi/10.3.1/../../../../arm-none-eabi/lib/thumb/v7e-m+fp/hard\libc_nano.a(lib_a-init.o)
                0x0000000008004e98                __libc_init_array
 .text.memset   0x0000000008004ee0       0x10 c:/st/stm32cubeide_1.12.0/stm32cubeide/plugins/com.st.stm32cube.ide.mcu.externaltools.gnu-tools-for-stm32.10.3-2021.10.win32_1.0.200.202301161003/tools/bin/../lib/gcc/arm-none-eabi/10.3.1/../../../../arm-none-eabi/lib/thumb/v7e-m+fp/hard\libc_nano.a(lib_a-memset.o)
                0x0000000008004ee0                memset
 *(.glue_7)
 .glue_7        0x0000000008004ef0        0x0 linker stubs
 *(.glue_7t)
 .glue_7t       0x0000000008004ef0        0x0 linker stubs
 *(.eh_frame)
 .eh_frame      0x0000000008004ef0        0x0 c:/st/stm32cubeide_1.12.0/stm32cubeide/plugins/com.st.stm32cube.ide.mcu.externaltools.gnu-tools-for-stm32.10.3-2021.10.win32_1.0.200.202301161003/tools/bin/../lib/gcc/arm-none-eabi/10.3.1/thumb/v7e-m+fp/hard/crtbegin.o
 *(.init)
 .init          0x0000000008004ef0        0x4 c:/st/stm32cubeide_1.12.0/stm32cubeide/plugins/com.st.stm32cube.ide.mcu.externaltools.gnu-tools-for-stm32.10.3-2021.10.win32_1.0.200.202301161003/tools/bin/../lib/gcc/arm-none-eabi/10.3.1/thumb/v7e-m+fp/hard/crti.o
                0x0000000008004ef0                _init
 .init          0x0000000008004ef4        0x8 c:/st/stm32cubeide_1.12.0/stm32cubeide/plugins/com.st.stm32cube.ide.mcu.externaltools.gnu-tools-for-stm32.10.3-2021.10.win32_1.0.200.202301161003/tools/bin/../lib/gcc/arm-none-eabi/10.3.1/thumb/v7e-m+fp/hard/crtn.o
 *(.fini)
 .fini          0x0000000008004efc        0x4 c:/st/stm32cubeide_1.12.0/stm32cubeide/plugins/com.st.stm32cube.ide.mcu.externaltools.gnu-tools-for-stm32.10.3-2021.10.win32_1.0.200.202301161003/tools/bin/../lib/gcc/arm-none-eabi/10.3.1/thumb/v7e-m+fp/hard/crti.o
                0x0000000008004efc                _fini
 .fini          0x0000000008004f00        0x8 c:/st/stm32cubeide_1.12.0/stm32cubeide/plugins/com.st.stm32cube.ide.mcu.externaltools.gnu-tools-for-stm32.10.3-2021.10.win32_1.0.200.202301161003/tools/bin/../lib/gcc/arm-none-eabi/10.3.1/thumb/v7e-m+fp/hard/crtn.o
                0x0000000008004f08                . = ALIGN (0x4)
                0x0000000008004f08                _etext = .

.vfp11_veneer   0x0000000008004f08        0x0
 .vfp11_veneer  0x0000000008004f08        0x0 linker stubs

.v4_bx          0x0000000008004f08        0x0
 .v4_bx         0x0000000008004f08        0x0 linker stubs

.iplt           0x0000000008004f08        0x0
 .iplt          0x0000000008004f08        0x0 c:/st/stm32cubeide_1.12.0/stm32cubeide/plugins/com.st.stm32cube.ide.mcu.externaltools.gnu-tools-for-stm32.10.3-2021.10.win32_1.0.200.202301161003/tools/bin/../lib/gcc/arm-none-eabi/10.3.1/thumb/v7e-m+fp/hard/crtbegin.o

.rodata         0x0000000008004f08       0x28
                0x0000000008004f08                . = ALIGN (0x4)
 *(.rodata)
 .rodata        0x0000000008004f08        0xd ./Core/Src/main.o
 *(.rodata*)
 *fill*         0x0000000008004f15        0x3 
 .rodata.AHBPrescTable
                0x0000000008004f18       0x10 ./Core/Src/system_stm32f4xx.o
                0x0000000008004f18                AHBPrescTable
 .rodata.APBPrescTable
                0x0000000008004f28        0x8 ./Core/Src/system_stm32f4xx.o
                0x0000000008004f28                APBPrescTable
                0x0000000008004f30                . = ALIGN (0x4)

.ARM.extab      0x0000000008004f30        0x0
                0x0000000008004f30                . = ALIGN (0x4)
 *(.ARM.extab* .gnu.linkonce.armextab.*)
                0x0000000008004f30                . = ALIGN (0x4)

.ARM            0x0000000008004f30        0x8
                0x0000000008004f30                . = ALIGN (0x4)
                0x0000000008004f30                __exidx_start = .
 *(.ARM.exidx*)
 .ARM.exidx     0x0000000008004f30        0x8 c:/st/stm32cubeide_1.12.0/stm32cubeide/plugins/com.st.stm32cube.ide.mcu.externaltools.gnu-tools-for-stm32.10.3-2021.10.win32_1.0.200.202301161003/tools/bin/../lib/gcc/arm-none-eabi/10.3.1/thumb/v7e-m+fp/hard\libgcc.a(_udivmoddi4.o)
                0x0000000008004f38                __exidx_end = .
                0x0000000008004f38                . = ALIGN (0x4)

.rel.dyn        0x0000000008004f38        0x0
 .rel.iplt      0x0000000008004f38        0x0 c:/st/stm32cubeide_1.12.0/stm32cubeide/plugins/com.st.stm32cube.ide.mcu.externaltools.gnu-tools-for-stm32.10.3-2021.10.win32_1.0.200.202301161003/tools/bin/../lib/gcc/arm-none-eabi/10.3.1/thumb/v7e-m+fp/hard/crtbegin.o

.preinit_array  0x0000000008004f38        0x0
                0x0000000008004f38                . = ALIGN (0x4)
                0x0000000008004f38                PROVIDE (__preinit_array_start = .)
 *(.preinit_array*)
                0x0000000008004f38                PROVIDE (__preinit_array_end = .)
                0x0000000008004f38                . = ALIGN (0x4)

.init_array     0x0000000008004f38        0x4
                0x0000000008004f38                . = ALIGN (0x4)
                0x0000000008004f38                PROVIDE (__init_array_start = .)
 *(SORT_BY_NAME(.init_array.*))
 *(.init_array*)
 .init_array    0x0000000008004f38        0x4 c:/st/stm32cubeide_1.12.0/stm32cubeide/plugins/com.st.stm32cube.ide.mcu.externaltools.gnu-tools-for-stm32.10.3-2021.10.win32_1.0.200.202301161003/tools/bin/../lib/gcc/arm-none-eabi/10.3.1/thumb/v7e-m+fp/hard/crtbegin.o
                0x0000000008004f3c                PROVIDE (__init_array_end = .)
                0x0000000008004f3c                . = ALIGN (0x4)

.fini_array     0x0000000008004f3c        0x4
                0x0000000008004f3c                . = ALIGN (0x4)
                [!provide]                        PROVIDE (__fini_array_start = .)
 *(SORT_BY_NAME(.fini_array.*))
 *(.fini_array*)
 .fini_array    0x0000000008004f3c        0x4 c:/st/stm32cubeide_1.12.0/stm32cubeide/plugins/com.st.stm32cube.ide.mcu.externaltools.gnu-tools-for-stm32.10.3-2021.10.win32_1.0.200.202301161003/tools/bin/../lib/gcc/arm-none-eabi/10.3.1/thumb/v7e-m+fp/hard/crtbegin.o
                [!provide]                        PROVIDE (__fini_array_end = .)
                0x0000000008004f40                . = ALIGN (0x4)
                0x0000000008004f40                _sidata = LOADADDR (.data)

.data           0x0000000020000000       0x14 load address 0x0000000008004f40
                0x0000000020000000                . = ALIGN (0x4)
                0x0000000020000000                _sdata = .
 *(.data)
 *(.data*)
 .data.pEM_UART
                0x0000000020000000        0x4 ./Core/Src/main.o
 .data.pEV_UART
                0x0000000020000004        0x4 ./Core/Src/main.o
 .data.SystemCoreClock
                0x0000000020000008        0x4 ./Core/Src/system_stm32f4xx.o
                0x0000000020000008                SystemCoreClock
 .data.uwTickPrio
                0x000000002000000c        0x4 ./Drivers/STM32F4xx_HAL_Driver/Src/stm32f4xx_hal.o
                0x000000002000000c                uwTickPrio
 .data.uwTickFreq
                0x0000000020000010        0x1 ./Drivers/STM32F4xx_HAL_Driver/Src/stm32f4xx_hal.o
                0x0000000020000010                uwTickFreq
 *(.RamFunc)
 *(.RamFunc*)
                0x0000000020000014                . = ALIGN (0x4)
 *fill*         0x0000000020000011        0x3 
                0x0000000020000014                _edata = .
                0x0000000008004f54                _siccmram = LOADADDR (.ccmram)

.igot.plt       0x0000000020000014        0x0 load address 0x0000000008004f54
 .igot.plt      0x0000000020000014        0x0 c:/st/stm32cubeide_1.12.0/stm32cubeide/plugins/com.st.stm32cube.ide.mcu.externaltools.gnu-tools-for-stm32.10.3-2021.10.win32_1.0.200.202301161003/tools/bin/../lib/gcc/arm-none-eabi/10.3.1/thumb/v7e-m+fp/hard/crtbegin.o

.ccmram         0x0000000010000000        0x0 load address 0x0000000008004f54
                0x0000000010000000                . = ALIGN (0x4)
                0x0000000010000000                _sccmram = .
 *(.ccmram)
 *(.ccmram*)
                0x0000000010000000                . = ALIGN (0x4)
                0x0000000010000000                _eccmram = .
                0x0000000010000000                . = ALIGN (0x4)

.bss            0x0000000020000014      0x64c
                0x0000000020000014                _sbss = .
                0x0000000020000014                __bss_start__ = _sbss
 *(.bss)
 .bss           0x0000000020000014       0x1c c:/st/stm32cubeide_1.12.0/stm32cubeide/plugins/com.st.stm32cube.ide.mcu.externaltools.gnu-tools-for-stm32.10.3-2021.10.win32_1.0.200.202301161003/tools/bin/../lib/gcc/arm-none-eabi/10.3.1/thumb/v7e-m+fp/hard/crtbegin.o
 *(.bss*)
 .bss.hspi1     0x0000000020000030       0x58 ./Core/Src/main.o
                0x0000000020000030                hspi1
 .bss.huart4    0x0000000020000088       0x44 ./Core/Src/main.o
                0x0000000020000088                huart4
 .bss.huart5    0x00000000200000cc       0x44 ./Core/Src/main.o
                0x00000000200000cc                huart5
 .bss.hhcd_USB_OTG_FS
                0x0000000020000110      0x304 ./Core/Src/main.o
                0x0000000020000110                hhcd_USB_OTG_FS
 .bss._emMsgBuf
                0x0000000020000414      0x104 ./Core/Src/main.o
 .bss._evMsgBuf
                0x0000000020000518      0x104 ./Core/Src/main.o
 .bss._emHandler
                0x000000002000061c       0x1c ./Core/Src/main.o
 .bss._evHandler
                0x0000000020000638       0x1c ./Core/Src/main.o
 .bss.cnt.1     0x0000000020000654        0x4 ./Core/Src/main.o
 .bss.ledState.0
                0x0000000020000658        0x1 ./Core/Src/main.o
 *fill*         0x0000000020000659        0x3 
 .bss.uwTick    0x000000002000065c        0x4 ./Drivers/STM32F4xx_HAL_Driver/Src/stm32f4xx_hal.o
                0x000000002000065c                uwTick
 *(COMMON)
                0x0000000020000660                . = ALIGN (0x4)
                0x0000000020000660                _ebss = .
                0x0000000020000660                __bss_end__ = _ebss

._user_heap_stack
                0x0000000020000660      0x600
                0x0000000020000660                . = ALIGN (0x8)
                [!provide]                        PROVIDE (end = .)
                0x0000000020000660                PROVIDE (_end = .)
                0x0000000020000860                . = (. + _Min_Heap_Size)
 *fill*         0x0000000020000660      0x200 
                0x0000000020000c60                . = (. + _Min_Stack_Size)
 *fill*         0x0000000020000860      0x400 
                0x0000000020000c60                . = ALIGN (0x8)

/DISCARD/
 libc.a(*)
 libm.a(*)
 libgcc.a(*)

.ARM.attributes
                0x0000000000000000       0x30
 *(.ARM.attributes)
 .ARM.attributes
                0x0000000000000000       0x1e c:/st/stm32cubeide_1.12.0/stm32cubeide/plugins/com.st.stm32cube.ide.mcu.externaltools.gnu-tools-for-stm32.10.3-2021.10.win32_1.0.200.202301161003/tools/bin/../lib/gcc/arm-none-eabi/10.3.1/thumb/v7e-m+fp/hard/crti.o
 .ARM.attributes
                0x000000000000001e       0x34 c:/st/stm32cubeide_1.12.0/stm32cubeide/plugins/com.st.stm32cube.ide.mcu.externaltools.gnu-tools-for-stm32.10.3-2021.10.win32_1.0.200.202301161003/tools/bin/../lib/gcc/arm-none-eabi/10.3.1/thumb/v7e-m+fp/hard/crtbegin.o
 .ARM.attributes
                0x0000000000000052       0x34 ./Core/Src/bufHandler.o
 .ARM.attributes
                0x0000000000000086       0x34 ./Core/Src/main.o
 .ARM.attributes
                0x00000000000000ba       0x34 ./Core/Src/stm32f4xx_hal_msp.o
 .ARM.attributes
                0x00000000000000ee       0x34 ./Core/Src/stm32f4xx_it.o
 .ARM.attributes
                0x0000000000000122       0x34 ./Core/Src/system_stm32f4xx.o
 .ARM.attributes
                0x0000000000000156       0x21 ./Core/Startup/startup_stm32f407vgtx.o
 .ARM.attributes
                0x0000000000000177       0x34 ./Drivers/STM32F4xx_HAL_Driver/Src/stm32f4xx_hal.o
 .ARM.attributes
                0x00000000000001ab       0x34 ./Drivers/STM32F4xx_HAL_Driver/Src/stm32f4xx_hal_cortex.o
 .ARM.attributes
                0x00000000000001df       0x34 ./Drivers/STM32F4xx_HAL_Driver/Src/stm32f4xx_hal_dma.o
 .ARM.attributes
                0x0000000000000213       0x34 ./Drivers/STM32F4xx_HAL_Driver/Src/stm32f4xx_hal_gpio.o
 .ARM.attributes
                0x0000000000000247       0x34 ./Drivers/STM32F4xx_HAL_Driver/Src/stm32f4xx_hal_hcd.o
 .ARM.attributes
                0x000000000000027b       0x34 ./Drivers/STM32F4xx_HAL_Driver/Src/stm32f4xx_hal_rcc.o
 .ARM.attributes
                0x00000000000002af       0x34 ./Drivers/STM32F4xx_HAL_Driver/Src/stm32f4xx_hal_spi.o
 .ARM.attributes
                0x00000000000002e3       0x34 ./Drivers/STM32F4xx_HAL_Driver/Src/stm32f4xx_hal_uart.o
 .ARM.attributes
                0x0000000000000317       0x34 ./Drivers/STM32F4xx_HAL_Driver/Src/stm32f4xx_ll_usb.o
 .ARM.attributes
                0x000000000000034b       0x34 c:/st/stm32cubeide_1.12.0/stm32cubeide/plugins/com.st.stm32cube.ide.mcu.externaltools.gnu-tools-for-stm32.10.3-2021.10.win32_1.0.200.202301161003/tools/bin/../lib/gcc/arm-none-eabi/10.3.1/../../../../arm-none-eabi/lib/thumb/v7e-m+fp/hard\libc_nano.a(lib_a-init.o)
 .ARM.attributes
                0x000000000000037f       0x34 c:/st/stm32cubeide_1.12.0/stm32cubeide/plugins/com.st.stm32cube.ide.mcu.externaltools.gnu-tools-for-stm32.10.3-2021.10.win32_1.0.200.202301161003/tools/bin/../lib/gcc/arm-none-eabi/10.3.1/../../../../arm-none-eabi/lib/thumb/v7e-m+fp/hard\libc_nano.a(lib_a-memset.o)
 .ARM.attributes
                0x00000000000003b3       0x1e c:/st/stm32cubeide_1.12.0/stm32cubeide/plugins/com.st.stm32cube.ide.mcu.externaltools.gnu-tools-for-stm32.10.3-2021.10.win32_1.0.200.202301161003/tools/bin/../lib/gcc/arm-none-eabi/10.3.1/thumb/v7e-m+fp/hard\libgcc.a(_aeabi_uldivmod.o)
 .ARM.attributes
                0x00000000000003d1       0x34 c:/st/stm32cubeide_1.12.0/stm32cubeide/plugins/com.st.stm32cube.ide.mcu.externaltools.gnu-tools-for-stm32.10.3-2021.10.win32_1.0.200.202301161003/tools/bin/../lib/gcc/arm-none-eabi/10.3.1/thumb/v7e-m+fp/hard\libgcc.a(_udivmoddi4.o)
 .ARM.attributes
                0x0000000000000405       0x1e c:/st/stm32cubeide_1.12.0/stm32cubeide/plugins/com.st.stm32cube.ide.mcu.externaltools.gnu-tools-for-stm32.10.3-2021.10.win32_1.0.200.202301161003/tools/bin/../lib/gcc/arm-none-eabi/10.3.1/thumb/v7e-m+fp/hard\libgcc.a(_dvmd_tls.o)
 .ARM.attributes
                0x0000000000000423       0x1e c:/st/stm32cubeide_1.12.0/stm32cubeide/plugins/com.st.stm32cube.ide.mcu.externaltools.gnu-tools-for-stm32.10.3-2021.10.win32_1.0.200.202301161003/tools/bin/../lib/gcc/arm-none-eabi/10.3.1/thumb/v7e-m+fp/hard/crtn.o
OUTPUT(PSE_STM_Communication.elf elf32-littlearm)
LOAD linker stubs
LOAD c:/st/stm32cubeide_1.12.0/stm32cubeide/plugins/com.st.stm32cube.ide.mcu.externaltools.gnu-tools-for-stm32.10.3-2021.10.win32_1.0.200.202301161003/tools/bin/../lib/gcc/arm-none-eabi/10.3.1/../../../../arm-none-eabi/lib/thumb/v7e-m+fp/hard\libc.a
LOAD c:/st/stm32cubeide_1.12.0/stm32cubeide/plugins/com.st.stm32cube.ide.mcu.externaltools.gnu-tools-for-stm32.10.3-2021.10.win32_1.0.200.202301161003/tools/bin/../lib/gcc/arm-none-eabi/10.3.1/../../../../arm-none-eabi/lib/thumb/v7e-m+fp/hard\libm.a
LOAD c:/st/stm32cubeide_1.12.0/stm32cubeide/plugins/com.st.stm32cube.ide.mcu.externaltools.gnu-tools-for-stm32.10.3-2021.10.win32_1.0.200.202301161003/tools/bin/../lib/gcc/arm-none-eabi/10.3.1/thumb/v7e-m+fp/hard\libgcc.a

.debug_info     0x0000000000000000     0xebeb
 .debug_info    0x0000000000000000      0x8e9 ./Core/Src/bufHandler.o
 .debug_info    0x00000000000008e9     0x178b ./Core/Src/main.o
 .debug_info    0x0000000000002074     0x14b0 ./Core/Src/stm32f4xx_hal_msp.o
 .debug_info    0x0000000000003524      0xb5b ./Core/Src/stm32f4xx_it.o
 .debug_info    0x000000000000407f      0x523 ./Core/Src/system_stm32f4xx.o
 .debug_info    0x00000000000045a2       0x22 ./Core/Startup/startup_stm32f407vgtx.o
 .debug_info    0x00000000000045c4      0x97c ./Drivers/STM32F4xx_HAL_Driver/Src/stm32f4xx_hal.o
 .debug_info    0x0000000000004f40      0xe1b ./Drivers/STM32F4xx_HAL_Driver/Src/stm32f4xx_hal_cortex.o
 .debug_info    0x0000000000005d5b      0x94f ./Drivers/STM32F4xx_HAL_Driver/Src/stm32f4xx_hal_dma.o
 .debug_info    0x00000000000066aa      0x76a ./Drivers/STM32F4xx_HAL_Driver/Src/stm32f4xx_hal_gpio.o
 .debug_info    0x0000000000006e14     0x10c6 ./Drivers/STM32F4xx_HAL_Driver/Src/stm32f4xx_hal_hcd.o
 .debug_info    0x0000000000007eda      0x966 ./Drivers/STM32F4xx_HAL_Driver/Src/stm32f4xx_hal_rcc.o
 .debug_info    0x0000000000008840     0x1758 ./Drivers/STM32F4xx_HAL_Driver/Src/stm32f4xx_hal_spi.o
 .debug_info    0x0000000000009f98     0x31bc ./Drivers/STM32F4xx_HAL_Driver/Src/stm32f4xx_hal_uart.o
 .debug_info    0x000000000000d154     0x1a97 ./Drivers/STM32F4xx_HAL_Driver/Src/stm32f4xx_ll_usb.o

.debug_abbrev   0x0000000000000000     0x20a0
 .debug_abbrev  0x0000000000000000      0x1f0 ./Core/Src/bufHandler.o
 .debug_abbrev  0x00000000000001f0      0x311 ./Core/Src/main.o
 .debug_abbrev  0x0000000000000501      0x237 ./Core/Src/stm32f4xx_hal_msp.o
 .debug_abbrev  0x0000000000000738      0x1de ./Core/Src/stm32f4xx_it.o
 .debug_abbrev  0x0000000000000916      0x116 ./Core/Src/system_stm32f4xx.o
 .debug_abbrev  0x0000000000000a2c       0x12 ./Core/Startup/startup_stm32f407vgtx.o
 .debug_abbrev  0x0000000000000a3e      0x20d ./Drivers/STM32F4xx_HAL_Driver/Src/stm32f4xx_hal.o
 .debug_abbrev  0x0000000000000c4b      0x316 ./Drivers/STM32F4xx_HAL_Driver/Src/stm32f4xx_hal_cortex.o
 .debug_abbrev  0x0000000000000f61      0x25b ./Drivers/STM32F4xx_HAL_Driver/Src/stm32f4xx_hal_dma.o
 .debug_abbrev  0x00000000000011bc      0x1c4 ./Drivers/STM32F4xx_HAL_Driver/Src/stm32f4xx_hal_gpio.o
 .debug_abbrev  0x0000000000001380      0x27e ./Drivers/STM32F4xx_HAL_Driver/Src/stm32f4xx_hal_hcd.o
 .debug_abbrev  0x00000000000015fe      0x2aa ./Drivers/STM32F4xx_HAL_Driver/Src/stm32f4xx_hal_rcc.o
 .debug_abbrev  0x00000000000018a8      0x26e ./Drivers/STM32F4xx_HAL_Driver/Src/stm32f4xx_hal_spi.o
 .debug_abbrev  0x0000000000001b16      0x2f4 ./Drivers/STM32F4xx_HAL_Driver/Src/stm32f4xx_hal_uart.o
 .debug_abbrev  0x0000000000001e0a      0x296 ./Drivers/STM32F4xx_HAL_Driver/Src/stm32f4xx_ll_usb.o

.debug_aranges  0x0000000000000000      0xbf0
 .debug_aranges
                0x0000000000000000       0x70 ./Core/Src/bufHandler.o
 .debug_aranges
                0x0000000000000070       0x88 ./Core/Src/main.o
 .debug_aranges
                0x00000000000000f8       0x50 ./Core/Src/stm32f4xx_hal_msp.o
 .debug_aranges
                0x0000000000000148       0x78 ./Core/Src/stm32f4xx_it.o
 .debug_aranges
                0x00000000000001c0       0x28 ./Core/Src/system_stm32f4xx.o
 .debug_aranges
                0x00000000000001e8       0x28 ./Core/Startup/startup_stm32f407vgtx.o
 .debug_aranges
                0x0000000000000210       0xf0 ./Drivers/STM32F4xx_HAL_Driver/Src/stm32f4xx_hal.o
 .debug_aranges
                0x0000000000000300      0x118 ./Drivers/STM32F4xx_HAL_Driver/Src/stm32f4xx_hal_cortex.o
 .debug_aranges
                0x0000000000000418       0x90 ./Drivers/STM32F4xx_HAL_Driver/Src/stm32f4xx_hal_dma.o
 .debug_aranges
                0x00000000000004a8       0x58 ./Drivers/STM32F4xx_HAL_Driver/Src/stm32f4xx_hal_gpio.o
 .debug_aranges
                0x0000000000000500       0xf8 ./Drivers/STM32F4xx_HAL_Driver/Src/stm32f4xx_hal_hcd.o
 .debug_aranges
                0x00000000000005f8       0x88 ./Drivers/STM32F4xx_HAL_Driver/Src/stm32f4xx_hal_rcc.o
 .debug_aranges
                0x0000000000000680      0x1d0 ./Drivers/STM32F4xx_HAL_Driver/Src/stm32f4xx_hal_spi.o
 .debug_aranges
                0x0000000000000850      0x200 ./Drivers/STM32F4xx_HAL_Driver/Src/stm32f4xx_hal_uart.o
 .debug_aranges
                0x0000000000000a50      0x1a0 ./Drivers/STM32F4xx_HAL_Driver/Src/stm32f4xx_ll_usb.o

.debug_ranges   0x0000000000000000      0xb38
 .debug_ranges  0x0000000000000000       0x60 ./Core/Src/bufHandler.o
 .debug_ranges  0x0000000000000060       0x78 ./Core/Src/main.o
 .debug_ranges  0x00000000000000d8       0x40 ./Core/Src/stm32f4xx_hal_msp.o
 .debug_ranges  0x0000000000000118       0x68 ./Core/Src/stm32f4xx_it.o
 .debug_ranges  0x0000000000000180       0x18 ./Core/Src/system_stm32f4xx.o
 .debug_ranges  0x0000000000000198       0x20 ./Core/Startup/startup_stm32f407vgtx.o
 .debug_ranges  0x00000000000001b8       0xe0 ./Drivers/STM32F4xx_HAL_Driver/Src/stm32f4xx_hal.o
 .debug_ranges  0x0000000000000298      0x108 ./Drivers/STM32F4xx_HAL_Driver/Src/stm32f4xx_hal_cortex.o
 .debug_ranges  0x00000000000003a0       0x80 ./Drivers/STM32F4xx_HAL_Driver/Src/stm32f4xx_hal_dma.o
 .debug_ranges  0x0000000000000420       0x48 ./Drivers/STM32F4xx_HAL_Driver/Src/stm32f4xx_hal_gpio.o
 .debug_ranges  0x0000000000000468       0xe8 ./Drivers/STM32F4xx_HAL_Driver/Src/stm32f4xx_hal_hcd.o
 .debug_ranges  0x0000000000000550       0x78 ./Drivers/STM32F4xx_HAL_Driver/Src/stm32f4xx_hal_rcc.o
 .debug_ranges  0x00000000000005c8      0x1c0 ./Drivers/STM32F4xx_HAL_Driver/Src/stm32f4xx_hal_spi.o
 .debug_ranges  0x0000000000000788      0x220 ./Drivers/STM32F4xx_HAL_Driver/Src/stm32f4xx_hal_uart.o
 .debug_ranges  0x00000000000009a8      0x190 ./Drivers/STM32F4xx_HAL_Driver/Src/stm32f4xx_ll_usb.o

.debug_macro    0x0000000000000000    0x20b23
 .debug_macro   0x0000000000000000      0x2c8 ./Core/Src/bufHandler.o
 .debug_macro   0x00000000000002c8      0xa78 ./Core/Src/bufHandler.o
 .debug_macro   0x0000000000000d40      0x2a1 ./Core/Src/bufHandler.o
 .debug_macro   0x0000000000000fe1       0x2e ./Core/Src/bufHandler.o
 .debug_macro   0x000000000000100f       0x2f ./Core/Src/bufHandler.o
 .debug_macro   0x000000000000103e       0x22 ./Core/Src/bufHandler.o
 .debug_macro   0x0000000000001060       0x8e ./Core/Src/bufHandler.o
 .debug_macro   0x00000000000010ee       0x51 ./Core/Src/bufHandler.o
 .debug_macro   0x000000000000113f      0x103 ./Core/Src/bufHandler.o
 .debug_macro   0x0000000000001242       0x6a ./Core/Src/bufHandler.o
 .debug_macro   0x00000000000012ac      0x1df ./Core/Src/bufHandler.o
 .debug_macro   0x000000000000148b       0x1c ./Core/Src/bufHandler.o
 .debug_macro   0x00000000000014a7       0x22 ./Core/Src/bufHandler.o
 .debug_macro   0x00000000000014c9       0xd9 ./Core/Src/bufHandler.o
 .debug_macro   0x00000000000015a2     0x102d ./Core/Src/bufHandler.o
 .debug_macro   0x00000000000025cf      0x11f ./Core/Src/bufHandler.o
 .debug_macro   0x00000000000026ee    0x15e82 ./Core/Src/bufHandler.o
 .debug_macro   0x0000000000018570       0x6d ./Core/Src/bufHandler.o
 .debug_macro   0x00000000000185dd     0x367e ./Core/Src/bufHandler.o
 .debug_macro   0x000000000001bc5b      0x174 ./Core/Src/bufHandler.o
 .debug_macro   0x000000000001bdcf       0x5c ./Core/Src/bufHandler.o
 .debug_macro   0x000000000001be2b      0x96b ./Core/Src/bufHandler.o
 .debug_macro   0x000000000001c796      0x9fe ./Core/Src/bufHandler.o
 .debug_macro   0x000000000001d194      0x115 ./Core/Src/bufHandler.o
 .debug_macro   0x000000000001d2a9      0x13e ./Core/Src/bufHandler.o
 .debug_macro   0x000000000001d3e7       0xa5 ./Core/Src/bufHandler.o
 .debug_macro   0x000000000001d48c      0x174 ./Core/Src/bufHandler.o
 .debug_macro   0x000000000001d600      0x287 ./Core/Src/bufHandler.o
 .debug_macro   0x000000000001d887       0x5f ./Core/Src/bufHandler.o
 .debug_macro   0x000000000001d8e6      0x236 ./Core/Src/bufHandler.o
 .debug_macro   0x000000000001db1c      0x12c ./Core/Src/bufHandler.o
 .debug_macro   0x000000000001dc48      0x21e ./Core/Src/bufHandler.o
 .debug_macro   0x000000000001de66       0x2e ./Core/Src/bufHandler.o
 .debug_macro   0x000000000001de94      0x11a ./Core/Src/bufHandler.o
 .debug_macro   0x000000000001dfae       0x7e ./Core/Src/bufHandler.o
 .debug_macro   0x000000000001e02c       0x89 ./Core/Src/bufHandler.o
 .debug_macro   0x000000000001e0b5      0x225 ./Core/Src/bufHandler.o
 .debug_macro   0x000000000001e2da      0x295 ./Core/Src/bufHandler.o
 .debug_macro   0x000000000001e56f      0x248 ./Core/Src/bufHandler.o
 .debug_macro   0x000000000001e7b7       0x7c ./Core/Src/bufHandler.o
 .debug_macro   0x000000000001e833      0x12d ./Core/Src/bufHandler.o
 .debug_macro   0x000000000001e960       0x22 ./Core/Src/bufHandler.o
 .debug_macro   0x000000000001e982       0x52 ./Core/Src/bufHandler.o
 .debug_macro   0x000000000001e9d4       0x1e ./Core/Src/bufHandler.o
 .debug_macro   0x000000000001e9f2       0x3c ./Core/Src/bufHandler.o
 .debug_macro   0x000000000001ea2e       0x34 ./Core/Src/bufHandler.o
 .debug_macro   0x000000000001ea62       0x16 ./Core/Src/bufHandler.o
 .debug_macro   0x000000000001ea78       0x43 ./Core/Src/bufHandler.o
 .debug_macro   0x000000000001eabb       0x34 ./Core/Src/bufHandler.o
 .debug_macro   0x000000000001eaef       0x10 ./Core/Src/bufHandler.o
 .debug_macro   0x000000000001eaff       0x58 ./Core/Src/bufHandler.o
 .debug_macro   0x000000000001eb57       0x71 ./Core/Src/bufHandler.o
 .debug_macro   0x000000000001ebc8       0x1c ./Core/Src/bufHandler.o
 .debug_macro   0x000000000001ebe4      0x12a ./Core/Src/bufHandler.o
 .debug_macro   0x000000000001ed0e      0x341 ./Core/Src/bufHandler.o
 .debug_macro   0x000000000001f04f       0x10 ./Core/Src/bufHandler.o
 .debug_macro   0x000000000001f05f       0x35 ./Core/Src/bufHandler.o
 .debug_macro   0x000000000001f094       0x20 ./Core/Src/bufHandler.o
 .debug_macro   0x000000000001f0b4      0x21b ./Core/Src/main.o
 .debug_macro   0x000000000001f2cf      0x130 ./Core/Src/main.o
 .debug_macro   0x000000000001f3ff      0x1ec ./Core/Src/stm32f4xx_hal_msp.o
 .debug_macro   0x000000000001f5eb      0x1f6 ./Core/Src/stm32f4xx_it.o
 .debug_macro   0x000000000001f7e1      0x1dd ./Core/Src/system_stm32f4xx.o
 .debug_macro   0x000000000001f9be      0x23d ./Drivers/STM32F4xx_HAL_Driver/Src/stm32f4xx_hal.o
 .debug_macro   0x000000000001fbfb      0x1dd ./Drivers/STM32F4xx_HAL_Driver/Src/stm32f4xx_hal_cortex.o
 .debug_macro   0x000000000001fdd8      0x1e3 ./Drivers/STM32F4xx_HAL_Driver/Src/stm32f4xx_hal_dma.o
 .debug_macro   0x000000000001ffbb      0x1e3 ./Drivers/STM32F4xx_HAL_Driver/Src/stm32f4xx_hal_gpio.o
 .debug_macro   0x000000000002019e      0x1dd ./Drivers/STM32F4xx_HAL_Driver/Src/stm32f4xx_hal_hcd.o
 .debug_macro   0x000000000002037b      0x201 ./Drivers/STM32F4xx_HAL_Driver/Src/stm32f4xx_hal_rcc.o
 .debug_macro   0x000000000002057c      0x1ec ./Drivers/STM32F4xx_HAL_Driver/Src/stm32f4xx_hal_spi.o
 .debug_macro   0x0000000000020768      0x1de ./Drivers/STM32F4xx_HAL_Driver/Src/stm32f4xx_hal_uart.o
 .debug_macro   0x0000000000020946      0x1dd ./Drivers/STM32F4xx_HAL_Driver/Src/stm32f4xx_ll_usb.o

.debug_line     0x0000000000000000     0xdca1
 .debug_line    0x0000000000000000      0xa36 ./Core/Src/bufHandler.o
 .debug_line    0x0000000000000a36      0x9ea ./Core/Src/main.o
 .debug_line    0x0000000000001420      0x826 ./Core/Src/stm32f4xx_hal_msp.o
 .debug_line    0x0000000000001c46      0x7e1 ./Core/Src/stm32f4xx_it.o
 .debug_line    0x0000000000002427      0x758 ./Core/Src/system_stm32f4xx.o
 .debug_line    0x0000000000002b7f       0x88 ./Core/Startup/startup_stm32f407vgtx.o
 .debug_line    0x0000000000002c07      0x9be ./Drivers/STM32F4xx_HAL_Driver/Src/stm32f4xx_hal.o
 .debug_line    0x00000000000035c5      0xc6d ./Drivers/STM32F4xx_HAL_Driver/Src/stm32f4xx_hal_cortex.o
 .debug_line    0x0000000000004232      0xf22 ./Drivers/STM32F4xx_HAL_Driver/Src/stm32f4xx_hal_dma.o
 .debug_line    0x0000000000005154      0xb32 ./Drivers/STM32F4xx_HAL_Driver/Src/stm32f4xx_hal_gpio.o
 .debug_line    0x0000000000005c86     0x11bb ./Drivers/STM32F4xx_HAL_Driver/Src/stm32f4xx_hal_hcd.o
 .debug_line    0x0000000000006e41      0xd3a ./Drivers/STM32F4xx_HAL_Driver/Src/stm32f4xx_hal_rcc.o
 .debug_line    0x0000000000007b7b     0x1c48 ./Drivers/STM32F4xx_HAL_Driver/Src/stm32f4xx_hal_spi.o
 .debug_line    0x00000000000097c3     0x2a63 ./Drivers/STM32F4xx_HAL_Driver/Src/stm32f4xx_hal_uart.o
 .debug_line    0x000000000000c226     0x1a7b ./Drivers/STM32F4xx_HAL_Driver/Src/stm32f4xx_ll_usb.o

.debug_str      0x0000000000000000    0xc579b
 .debug_str     0x0000000000000000    0xc1c1d ./Core/Src/bufHandler.o
                                      0xc1f07 (size before relaxing)
 .debug_str     0x00000000000c1c1d      0xec0 ./Core/Src/main.o
                                      0xbff79 (size before relaxing)
 .debug_str     0x00000000000c2add      0x5e2 ./Core/Src/stm32f4xx_hal_msp.o
                                      0xbfffe (size before relaxing)
 .debug_str     0x00000000000c30bf      0x124 ./Core/Src/stm32f4xx_it.o
                                      0xbf838 (size before relaxing)
 .debug_str     0x00000000000c31e3       0xdb ./Core/Src/system_stm32f4xx.o
                                      0xbec03 (size before relaxing)
 .debug_str     0x00000000000c32be       0x36 ./Core/Startup/startup_stm32f407vgtx.o
                                         0x7d (size before relaxing)
 .debug_str     0x00000000000c32f4      0x5f0 ./Drivers/STM32F4xx_HAL_Driver/Src/stm32f4xx_hal.o
                                      0xbf787 (size before relaxing)
 .debug_str     0x00000000000c38e4      0x32d ./Drivers/STM32F4xx_HAL_Driver/Src/stm32f4xx_hal_cortex.o
                                      0xbf4ba (size before relaxing)
 .debug_str     0x00000000000c3c11      0x31a ./Drivers/STM32F4xx_HAL_Driver/Src/stm32f4xx_hal_dma.o
                                      0xbf01d (size before relaxing)
 .debug_str     0x00000000000c3f2b      0x121 ./Drivers/STM32F4xx_HAL_Driver/Src/stm32f4xx_hal_gpio.o
                                      0xbed7e (size before relaxing)
 .debug_str     0x00000000000c404c      0x518 ./Drivers/STM32F4xx_HAL_Driver/Src/stm32f4xx_hal_hcd.o
                                      0xbf3e0 (size before relaxing)
 .debug_str     0x00000000000c4564      0x233 ./Drivers/STM32F4xx_HAL_Driver/Src/stm32f4xx_hal_rcc.o
                                      0xbf037 (size before relaxing)
 .debug_str     0x00000000000c4797      0x567 ./Drivers/STM32F4xx_HAL_Driver/Src/stm32f4xx_hal_spi.o
                                      0xbf4c7 (size before relaxing)
 .debug_str     0x00000000000c4cfe      0x582 ./Drivers/STM32F4xx_HAL_Driver/Src/stm32f4xx_hal_uart.o
                                      0xbf5d6 (size before relaxing)
 .debug_str     0x00000000000c5280      0x51b ./Drivers/STM32F4xx_HAL_Driver/Src/stm32f4xx_ll_usb.o
                                      0xbf52d (size before relaxing)

.comment        0x0000000000000000       0x50
 .comment       0x0000000000000000       0x50 ./Core/Src/bufHandler.o
                                         0x51 (size before relaxing)
 .comment       0x0000000000000050       0x51 ./Core/Src/main.o
 .comment       0x0000000000000050       0x51 ./Core/Src/stm32f4xx_hal_msp.o
 .comment       0x0000000000000050       0x51 ./Core/Src/stm32f4xx_it.o
 .comment       0x0000000000000050       0x51 ./Core/Src/system_stm32f4xx.o
 .comment       0x0000000000000050       0x51 ./Drivers/STM32F4xx_HAL_Driver/Src/stm32f4xx_hal.o
 .comment       0x0000000000000050       0x51 ./Drivers/STM32F4xx_HAL_Driver/Src/stm32f4xx_hal_cortex.o
 .comment       0x0000000000000050       0x51 ./Drivers/STM32F4xx_HAL_Driver/Src/stm32f4xx_hal_dma.o
 .comment       0x0000000000000050       0x51 ./Drivers/STM32F4xx_HAL_Driver/Src/stm32f4xx_hal_gpio.o
 .comment       0x0000000000000050       0x51 ./Drivers/STM32F4xx_HAL_Driver/Src/stm32f4xx_hal_hcd.o
 .comment       0x0000000000000050       0x51 ./Drivers/STM32F4xx_HAL_Driver/Src/stm32f4xx_hal_rcc.o
 .comment       0x0000000000000050       0x51 ./Drivers/STM32F4xx_HAL_Driver/Src/stm32f4xx_hal_spi.o
 .comment       0x0000000000000050       0x51 ./Drivers/STM32F4xx_HAL_Driver/Src/stm32f4xx_hal_uart.o
 .comment       0x0000000000000050       0x51 ./Drivers/STM32F4xx_HAL_Driver/Src/stm32f4xx_ll_usb.o

.debug_frame    0x0000000000000000     0x31f0
 .debug_frame   0x0000000000000000      0x1b0 ./Core/Src/bufHandler.o
 .debug_frame   0x00000000000001b0      0x1dc ./Core/Src/main.o
 .debug_frame   0x000000000000038c      0x10c ./Core/Src/stm32f4xx_hal_msp.o
 .debug_frame   0x0000000000000498      0x158 ./Core/Src/stm32f4xx_it.o
 .debug_frame   0x00000000000005f0       0x58 ./Core/Src/system_stm32f4xx.o
 .debug_frame   0x0000000000000648      0x374 ./Drivers/STM32F4xx_HAL_Driver/Src/stm32f4xx_hal.o
 .debug_frame   0x00000000000009bc      0x498 ./Drivers/STM32F4xx_HAL_Driver/Src/stm32f4xx_hal_cortex.o
 .debug_frame   0x0000000000000e54      0x250 ./Drivers/STM32F4xx_HAL_Driver/Src/stm32f4xx_hal_dma.o
 .debug_frame   0x00000000000010a4      0x14c ./Drivers/STM32F4xx_HAL_Driver/Src/stm32f4xx_hal_gpio.o
 .debug_frame   0x00000000000011f0      0x450 ./Drivers/STM32F4xx_HAL_Driver/Src/stm32f4xx_hal_hcd.o
 .debug_frame   0x0000000000001640      0x1f4 ./Drivers/STM32F4xx_HAL_Driver/Src/stm32f4xx_hal_rcc.o
 .debug_frame   0x0000000000001834      0x824 ./Drivers/STM32F4xx_HAL_Driver/Src/stm32f4xx_hal_spi.o
 .debug_frame   0x0000000000002058      0x92c ./Drivers/STM32F4xx_HAL_Driver/Src/stm32f4xx_hal_uart.o
 .debug_frame   0x0000000000002984      0x7c0 ./Drivers/STM32F4xx_HAL_Driver/Src/stm32f4xx_ll_usb.o
 .debug_frame   0x0000000000003144       0x2c c:/st/stm32cubeide_1.12.0/stm32cubeide/plugins/com.st.stm32cube.ide.mcu.externaltools.gnu-tools-for-stm32.10.3-2021.10.win32_1.0.200.202301161003/tools/bin/../lib/gcc/arm-none-eabi/10.3.1/../../../../arm-none-eabi/lib/thumb/v7e-m+fp/hard\libc_nano.a(lib_a-init.o)
 .debug_frame   0x0000000000003170       0x20 c:/st/stm32cubeide_1.12.0/stm32cubeide/plugins/com.st.stm32cube.ide.mcu.externaltools.gnu-tools-for-stm32.10.3-2021.10.win32_1.0.200.202301161003/tools/bin/../lib/gcc/arm-none-eabi/10.3.1/../../../../arm-none-eabi/lib/thumb/v7e-m+fp/hard\libc_nano.a(lib_a-memset.o)
 .debug_frame   0x0000000000003190       0x2c c:/st/stm32cubeide_1.12.0/stm32cubeide/plugins/com.st.stm32cube.ide.mcu.externaltools.gnu-tools-for-stm32.10.3-2021.10.win32_1.0.200.202301161003/tools/bin/../lib/gcc/arm-none-eabi/10.3.1/thumb/v7e-m+fp/hard\libgcc.a(_aeabi_uldivmod.o)
 .debug_frame   0x00000000000031bc       0x34 c:/st/stm32cubeide_1.12.0/stm32cubeide/plugins/com.st.stm32cube.ide.mcu.externaltools.gnu-tools-for-stm32.10.3-2021.10.win32_1.0.200.202301161003/tools/bin/../lib/gcc/arm-none-eabi/10.3.1/thumb/v7e-m+fp/hard\libgcc.a(_udivmoddi4.o)
